// Jest Snapshot v1, https://goo.gl/fbAQLP

exports[`@primecms/core internal should show correct version 1`] = `
Object {
  "data": Object {
    "primeVersion": Object {
      "current": "0.3.0-alpha.0",
    },
  },
  "errors": undefined,
  "extensions": undefined,
  "http": Object {
    "headers": Headers {
      Symbol(map): Object {},
    },
  },
}
`;
