// Jest Snapshot v1, https://goo.gl/fbAQLP

exports[`InternalModule health should have fields 1`] = `
Array [
  Object {
    "description": "Images, videos and other assets",
    "options": Object {
      "crops": Array [],
    },
    "title": "Asset",
    "type": "asset",
  },
  Object {
    "description": "Boolean field",
    "options": Object {
      "label": "",
    },
    "title": "Boolean",
    "type": "boolean",
  },
  Object {
    "description": "Date and time field",
    "options": Object {
      "time": true,
    },
    "title": "DateTime",
    "type": "datetime",
  },
  Object {
    "description": "Link and resolve documents",
    "options": Object {
      "multiple": false,
      "schemaId": null,
      "schemaIds": Array [],
    },
    "title": "Document",
    "type": "document",
  },
  Object {
    "description": "Group other fields to list",
    "options": Object {
      "repeated": true,
    },
    "title": "Group",
    "type": "group",
  },
  Object {
    "description": "Number field",
    "options": Object {
      "float": true,
      "rules": Object {},
    },
    "title": "Number",
    "type": "number",
  },
  Object {
    "description": "Select field",
    "options": Object {
      "enum": false,
      "items": Array [],
      "multiple": false,
      "required": false,
    },
    "title": "Select",
    "type": "select",
  },
  Object {
    "description": "Slice field",
    "options": Object {
      "multiple": true,
      "schemaIds": Array [],
    },
    "title": "Slice",
    "type": "slice",
  },
  Object {
    "description": "Text field with no formatting",
    "options": Object {
      "rules": Object {},
      "type": "singleline",
    },
    "title": "String",
    "type": "string",
  },
]
`;
